// Jest Snapshot v1, https://goo.gl/fbAQLP

exports[`<Layout /> Should render correctly 1`] = `
<div>
  <header
    class="css-15etwxy-HeaderRoot ez4dfsd5"
  >
    <div
      class="css-kubhes-HeaderContainer ez4dfsd4"
    >
      <nav
        class="css-11njdmq-NavRoot ez4dfsd3"
      >
        <div
          class="css-1hbc6ct-ListItem ez4dfsd2"
        >
          <a
            class="css-15ani8u-ItemLink epoma0f0"
            href="/#features"
          >
            phrases.features
          </a>
          <a
            class="css-15ani8u-ItemLink epoma0f0"
            href="/#exampleGetApi"
          >
            phrases.apiExample
          </a>
        </div>
        <div
          class="css-13ln5v8-Space ez4dfsd0"
        />
        <div
          class="css-1at58d5-ListActions ez4dfsd1"
        >
          <select
            class="css-1j005nt-SelectRoot e1ut4ry90"
            id="languages"
            name="languages"
          >
            <option
              value="es"
            >
              languages.es
            </option>
            <option
              value="en"
            >
              languages.en
            </option>
          </select>
        </div>
      </nav>
    </div>
  </header>
  <main>
    <div
      class="css-12g2fob-BannerRoot eywty1z3"
    >
      <img
        alt="react-next-boilerplate"
        class="css-1gb4ms7-Logo eywty1z0"
        src="/static/images/reac-next-boilerplate-logo.svg"
      />
      <h1
        class="css-3j23gb-Title eywty1z2"
      >
        title
      </h1>
      <h2
        class="css-15g2rhr-SubTitle eywty1z1"
      >
        subTitle
      </h2>
    </div>
    <div>
      some text
    </div>
  </main>
  <footer
    class="jsx-898115948 root"
  >
    <div
      class="jsx-898115948 container"
    >
      <div
        class="jsx-898115948 row"
      >
        <a
          class="jsx-898115948 link"
          href="https://nextjs.org/features/server-side-rendering"
          rel="noopener noreferrer"
          target="_blank"
        >
          SSR
        </a>
        <a
          class="jsx-898115948 link"
          href="https://nextjs.org/features/static-exporting"
          rel="noopener noreferrer"
          target="_blank"
        >
          Static Exporting
        </a>
        <a
          class="jsx-898115948 link"
          href="https://nextjs.org/features/css-in-js"
          rel="noopener noreferrer"
          target="_blank"
        >
          CSS-in-JS
        </a>
        <a
          class="jsx-898115948 link"
          href="https://nextjs.org/features/progressive-web-apps"
          rel="noopener noreferrer"
          target="_blank"
        >
          PWA
        </a>
      </div>
    </div>
  </footer>
</div>
`;
