// Jest Snapshot v1, https://goo.gl/fbAQLP

exports[`<Features /> Should render correctly 1`] = `
<div>
  <div
    class="css-k8tdx0-Container ejgpa180"
    id="features"
  >
    <div
      class="css-jbe736-FeaturesRoot ejgpa181"
    >
      <div
        class="css-1jpy3hs-FeaturesListContainer ejgpa183"
      >
        <div
          class="css-dblltl-FeaturesList ejgpa182"
        >
          <div
            class="css-qup410-FeatureItem ejgpa184"
          >
            <h3
              class="css-plrnzz-Title ejgpa185"
            >
              SEO
            </h3>
            <p
              class="css-sdcqhn-Content ejgpa186"
            />
          </div>
          <div
            class="css-qup410-FeatureItem ejgpa184"
          >
            <h3
              class="css-plrnzz-Title ejgpa185"
            >
              redux-saga
            </h3>
            <p
              class="css-sdcqhn-Content ejgpa186"
            />
          </div>
          <div
            class="css-qup410-FeatureItem ejgpa184"
          >
            <h3
              class="css-plrnzz-Title ejgpa185"
            >
              next-i18next
            </h3>
            <p
              class="css-sdcqhn-Content ejgpa186"
            />
          </div>
          <div
            class="css-qup410-FeatureItem ejgpa184"
          >
            <h3
              class="css-plrnzz-Title ejgpa185"
            >
              i18next
            </h3>
            <p
              class="css-sdcqhn-Content ejgpa186"
            />
          </div>
          <div
            class="css-qup410-FeatureItem ejgpa184"
          >
            <h3
              class="css-plrnzz-Title ejgpa185"
            >
              redux
            </h3>
            <p
              class="css-sdcqhn-Content ejgpa186"
            />
          </div>
          <div
            class="css-qup410-FeatureItem ejgpa184"
          >
            <h3
              class="css-plrnzz-Title ejgpa185"
            >
              reselect
            </h3>
            <p
              class="css-sdcqhn-Content ejgpa186"
            />
          </div>
          <div
            class="css-qup410-FeatureItem ejgpa184"
          >
            <h3
              class="css-plrnzz-Title ejgpa185"
            >
              @testing-library/react
            </h3>
            <p
              class="css-sdcqhn-Content ejgpa186"
            />
          </div>
          <div
            class="css-qup410-FeatureItem ejgpa184"
          >
            <h3
              class="css-plrnzz-Title ejgpa185"
            >
              Typefaces
            </h3>
            <p
              class="css-sdcqhn-Content ejgpa186"
            />
          </div>
          <div
            class="css-qup410-FeatureItem ejgpa184"
          >
            <h3
              class="css-plrnzz-Title ejgpa185"
            >
              Emotion
            </h3>
            <p
              class="css-sdcqhn-Content ejgpa186"
            />
          </div>
        </div>
      </div>
    </div>
  </div>
</div>
`;
