// Jest Snapshot v1, https://goo.gl/fbAQLP

exports[`<Banner /> Should render correctly 1`] = `
<div>
  <div
    class="css-1f5wcpk-BannerRoot eywty1z0"
  >
    <img
      alt="react-next-boilerplate"
      class="css-1wov1b9-Logo eywty1z3"
      src="/static/images/reac-next-boilerplate-logo.svg"
    />
    <h1
      class="css-1f42zqr-Title eywty1z1"
    />
    <h2
      class="css-pfcoqg-SubTitle eywty1z2"
    />
  </div>
</div>
`;
