// Jest Snapshot v1, https://goo.gl/fbAQLP

exports[`<Banner /> Should render correctly 1`] = `
<div>
  <div
    class="css-1f5wcpk-BannerRoot e1alx0b60"
  >
    <img
      alt="react-next-boilerplate"
      class="css-1wov1b9-Logo e1alx0b63"
      src="/static/images/reac-next-boilerplate-logo.svg"
    />
    <h1
      class="css-1f42zqr-Title e1alx0b61"
    />
    <h2
      class="css-pfcoqg-SubTitle e1alx0b62"
    />
  </div>
</div>
`;
