// Jest Snapshot v1, https://goo.gl/fbAQLP

exports[`<Header /> Should render correctly 1`] = `
<div>
  <header
    class="css-15etwxy-HeaderRoot ez4dfsd5"
  >
    <div
      class="css-kubhes-HeaderContainer ez4dfsd4"
    >
      <nav
        class="css-11njdmq-NavRoot ez4dfsd3"
      >
        <div
          class="css-1hbc6ct-ListItem ez4dfsd2"
        >
          <a
            class="css-15ani8u-ItemLink epoma0f0"
            href="/#features"
          />
          <a
            class="css-15ani8u-ItemLink epoma0f0"
            href="/#exampleGetApi"
          />
        </div>
        <div
          class="css-13ln5v8-Space ez4dfsd0"
        />
        <div
          class="css-1at58d5-ListActions ez4dfsd1"
        >
          <select
            class="css-1j005nt-SelectRoot e1ut4ry90"
            id="languages"
            name="languages"
          >
            <option
              value="es"
            />
            <option
              value="en"
            />
          </select>
        </div>
      </nav>
    </div>
  </header>
</div>
`;
