// Jest Snapshot v1, https://goo.gl/fbAQLP

exports[`<SelectLanguages /> Should render correctly 1`] = `
<div>
  <select
    class="css-1j005nt-SelectRoot e1ut4ry90"
    id="languages"
    name="languages"
  >
    <option
      value="es"
    />
    <option
      value="en"
    />
  </select>
</div>
`;

exports[`<SelectLanguages /> When called onChange() must save in state local the value of event onChange 1`] = `
<div>
  <select
    class="css-1j005nt-SelectRoot e1ut4ry90"
    id="languages"
    name="languages"
  >
    <option
      value="es"
    />
    <option
      value="en"
    />
  </select>
</div>
`;
